
> frontend@0.1.0 build
> craco build

Creating an optimized production build...
(node:150799) [DEP_WEBPACK_COMPILATION_ASSETS] DeprecationWarning: Compilation.assets will be frozen in future, all modifications are deprecated.
BREAKING CHANGE: No more changes should happen to Compilation.assets after sealing the Compilation.
	Do changes to assets earlier, e. g. in Compilation.hooks.processAssets.
	Make sure to select an appropriate stage from Compilation.PROCESS_ASSETS_STAGE_*.
(Use `node --trace-deprecation ...` to show where the warning was created)
Compiled successfully.

File sizes after gzip:

  1.15 MB    build/static/js/bundle.js
  148.74 kB  build/static/js/vendors-cap-vivant-300_frontend_node_modules_jspdf_dist_jspdf_es_min_js.chunk.js
  71.81 kB   build/static/js/vendors-cap-vivant-300_frontend_node_modules_html2canvas_dist_html2canvas_js.chunk.js
  53.24 kB   build/static/js/vendors-cap-vivant-300_frontend_node_modules_canvg_lib_index_es_js.chunk.js
  35.13 kB   build/static/js/vendors-cap-vivant-300_frontend_node_modules_dompurify_dist_purify_es_mjs.chunk.js
  11.08 kB   build/visual-edit-overlay.js

The bundle size is significantly larger than recommended.
Consider reducing it with code splitting: https://goo.gl/9VhYWB
You can also analyze the project dependencies: https://goo.gl/LeUzfb

The project was built assuming it is hosted at /.
You can control this with the homepage field in your package.json.

The build folder is ready to be deployed.
You may serve it with a static server:

  npm install -g serve
  serve -s build

Find out more about deployment here:

  https://cra.link/deployment

